CGTN,https://0472.org/hls/cgtn.m3u8
Ando TV (1080p),http://play.kankanlive.com/live/1711956137852982.m3u8
CGTN,http://english-livetx.cgtn.com/hls/yypdyyctzb_hd.m3u8
Anhui TV,https://restream.pdtvhd.com/memfs/c1cd2ed0-3b2b-4c25-af98-a7fb0b1eb130.m3u8
CGTN法语,http://espanol-liveali.cgtn.com/hls/LSveOGBaBw41Ea7ukkVAUdKQ220802LSTexu6xAuFH8VZNBLE1ZNEa220802cd.m3u8
Anshun Comprehensive News Channel,https://hplayer1.juyun.tv/camera/154379194.m3u8
CGTN西语,https://0472.org/hls/cgtnx.m3u8
Beijing Traffic Radio TV [Geo-blocked],http://123.56.24.28:1935/live/fm1039/96K/tzwj_video.m3u8
CGTN阿语,https://0472.org/hls/cgtna.m3u8
Beijing Youth Radio [Geo-blocked],http://audiolive.rbc.cn:1935/live/am927/96K/tzwj_video.m3u8
中国交通,http://drive.mxmy.net:8888/udp/239.3.1.188:8001
Bread TV面包台 (720p),https://video.bread-tv.com:8091/hls-live24/online/index.m3u8
熊猫直播,https://gcwbndali.v.myalicdn.com/gcwbnd/ipanda1000_2/index.m3u8
BRTV Kaku Childrens Channel,http://223.111.191.105/downflv.brtvcloud.com/kkkkasd/winfr.m3u8
支持作者,https://vd2.bdstatic.com/mda-sctj0f6r4u1bpebc/1080p/cae_h264/1774706523506678171/mda-sctj0f6r4u1bpebc.mp4
BRTV 北京卫视 (1080p),http://go.bkpcp.top/mg/bjws
人间卫视,https://5ddce30eb4b55.streamlock.net/bltvhd/bltv1/chunklist_w511254805.m3u8
BRTV 北京卫视 [Not 24/7],http://ivi.bupt.edu.cn/hls/btv1.m3u8
人间卫视,http://61.216.67.119:1935/bltvhd/bltv1/chunklist_w1266569526.m3u
CGTN (1080p),https://amg00405-rakutentv-cgtn-rakuten-i9tar.amagi.tv/master.m3u8
东方卫视4K,https://bp-resource-dfl.bestv.cn/148/3/video.m3u8
CGTN (1080p),https://english-livebkali.cgtn.com/live/encgtn.m3u8
人在囧途,https://vip.ffzy-play.com/20221018/1953_2d6ba500/index.m3u8
CGTN (720p),https://0472.org/hls/cgtn.m3u8
人在囧途之泰囧,https://vip.ffzy-play.com/20221018/1951_47e1adc8/index.m3u8
CGTN Documentary (1080p),https://amg00405-rakutentv-cgtndocumentary-rakuten-0ql8j.amagi.tv/master.m3u8
人在囧途之港囧,https://vip.ffzy-play7.com/20230112/11082_fde1a94d/index.m3u8
CGTN French (1080p),http://145.239.5.177/214/index.m3u8
倚天屠龙记,https://live.metshop.top/huya/23734246
CGTN Spanish (720p),http://45.165.82.19/test/index.m3u8
倩女幽魂人间道,http://jsmov2.a.yximgs.com/bs3/video-hls/5250634317044855747_hlsb.m3u8
Chifeng Comprehensive News Chanel,http://play1-qk.nmtv.cn/live/1735546697341033.m3u8
倩女幽魂妖魔道,http://jsmov2.a.yximgs.com/bs3/video-hls/5232901391302199073_hlsb.m3u8
CND Film Middle School Channel,http://live2.rxip.sc96655.com/live/zxs_4000.m3u8?A=&E=&K=&P=&S=&U=
倩女幽魂道道道,http://jsmov2.a.yximgs.com/bs3/video-hls/5216294367991385255_hlsb.m3u8
CND Film Middle School Channel,http://live-play.zxstv.com.cn/zhongxuesheng/zhongxuesheng.m3u8
刑事侦缉档案,https://live.metshop.top/huya/29465856
Dragon TV International,https://restream.pdtvhd.com/memfs/0b1b95c9-3543-4af9-9fdb-cf45f1602f17.m3u8
刘德华电影,https://live.metshop.top/huya/11342424
Foshan News TV,http://dslive.grtn.cn/fszh/sd/live.m3u8
创世纪,https://live.metshop.top/huya/29465852
Golden Eagle Cartoon,http://1.24.190.98:10080/hls/51/index.m3u8
功夫电影,https://live.metshop.top/huya/11352941
Guangzhou TV,https://tencentplaybusiness.gztv.com/live/zonghes.m3u8
古天乐电影,https://live.metshop.top/huya/29982675
Harbin Comprehensive News Channel,https://stream.hrbtv.net/xwzh/playlist.m3u8?_upt=ef41dd531755913594
Harbin Movie Channel,https://stream.hrbtv.net/yspd/playlist.m3u8
Hebei TV (2160p),https://event.pull.hebtv.com/live/live101.m3u8
Hebei TV,https://restream.pdtvhd.com/memfs/1db8c005-9365-4b32-94a4-3736987b5646.m3u8
Hunan TV (2160p),http://hlsal-ldvt.qing.mgtv.com/nn_live/nn_x64/dWlwPTEyNy4wLjAuMSZ1aWQ9cWluZy1jbXMmbm5fdGltZXpvbmU9OCZjZG5leF9pZD1hbF9obHNfbGR2dCZ1dWlkPTliODY4NmU5ZTM2YzYwMmMmZT02OTE0NjA0JnY9MSZpZD1ITldTWkdTVCZzPTcwN2RiYTc2YzJjNmJmMTQ4MmUyZGYzOWU2NWM3YWFi/HNWSZGST.m3u8
Jiangsu Public & News Channel,https://jiangning-tv-playing-t.cm.jstv.com/jiangning-tv/jnxwzh.m3u8
Jiangxi Children's Channel,https://play-live-hls.jxtvcn.com.cn/live-city/tv_jxtv6.m3u8
Jiangxi City Channel,https://play-live-hls.jxtvcn.com.cn/live-city/tv_jxtv2.m3u8
Jiangxi Economy & Life Channel,https://play-live-hls.jxtvcn.com.cn/live-city/tv_jxtv3.m3u8
Jiangxi Movie Channel,https://play-live-hls.jxtvcn.com.cn/live-city/tv_jxtv4.m3u8
Jiangxi Public & Agriculture Channel,https://play-live-hls.jxtvcn.com.cn/live-city/tv_jxtv5.m3u8
Jilin City Channel,https://lsfb.avap.jilintv.cn/zqvk7vpj/channel/7e8474e6daea44ccaa5aa2300191439e/index.m3u8
周星驰电影,https://live.metshop.top/huya/11342412
Jilin Lifestyle Channel,https://lsfb.avap.jilintv.cn/zqvk7vpj/channel/0a76740c72b74fabae611845aa21e06a/index.m3u8
大唐双龙传,https://live.metshop.top/huya/29465850
Jilin Movie Channel,https://lsfb.avap.jilintv.cn/zqvk7vpj/channel/906341e6f19b4c4bacdc89941eb85d12/index.m3u8
大时代,https://live.metshop.top/huya/23865161
Jilin Rural Channel,https://lsfb.avap.jilintv.cn/zqvk7vpj/channel/3ffc4824dce54b92be185555923ce382/index.m3u8
妙手仁心,https://live.metshop.top/huya/29465853
Lanzhou Comprehensive News Channel,https://liveplus.lzr.com.cn/xwzh/HD/live.m3u8
宇宙科幻合集,https://live.metshop.top/huya/11342428
Lanzhou Culture & Tourism Channel,https://liveplus.lzr.com.cn/wlpd/HD/live.m3u8
寒战,https://vip.ffzy-play6.com/20221019/157_bf0740ee/index.m3u8
Liangshan TV [Not 24/7],http://118.122.2.29:9999/hls/47/index.m3u8
寻秦记,https://live.metshop.top/huya/29465848
Nanchang News & Generalist Channel,https://play-live-hls.jxtvcn.com.cn/live-city/tv_nanchang.m3u8
强森电影,https://live.metshop.top/huya/21059581
Nei Monggol TV (1080i) [Not 24/7],http://play1-qk.nmtv.cn/live/1769652018126032.m3u8
怪兽电影,https://live.metshop.top/huya/21059577
Nei Monggol TV,http://1.24.190.98:10080/hls/39/index.m3u8
成龙电影,https://live.metshop.top/huya/11342386
Nei Monggol TV,http://110.19.156.172:9901/tsfile/live/1003_1.m3u8
我不是药神,https://vip.ffzy-play1.com/20221018/478_c3afed66/index.m3u8
Nei Monggol TV 2 Mongolian Culture Channel (1080i) [Not 24/7],http://play1-qk.nmtv.cn/live/1769652109096027.m3u8
战争电影,https://live.metshop.top/huya/21059574
Nei Monggol TV 2 Mongolian Culture Channel,http://1.24.190.98:10080/hls/40/index.m3u8
扫黄先锋,https://live.metshop.top/huya/29465855
Qinghai TV,https://hls-qhmh.lanzhousobey.cn/qhmh/mhds.m3u8
拆弹专家1,https://vip.ffzy-online.com/20221015/719_80ff87c2/index.m3u8
QTV-1,http://video10.qtv.com.cn/drm/qtv1at/manifest.m3u8
拆弹专家2,https://vip.ffzy-online.com/20221015/722_e32c42bc/index.m3u8
QTV-2,http://video10.qtv.com.cn/drm/qtv2at/manifest.m3u8
无心法师,https://live.metshop.top/huya/30080233
QTV-3,http://video10.qtv.com.cn/drm/qtv3at/manifest.m3u8
李连杰电影,https://live.metshop.top/huya/11342390
QTV-4,http://video10.qtv.com.cn/drm/qtv4at/manifest.m3u8
林正英电影,https://live.metshop.top/huya/11342421
QTV-5,http://video10.qtv.com.cn/drm/qtv5at/manifest.m3u8
枪战电影,https://live.metshop.top/huya/21059579
QTV-6,http://video10.qtv.com.cn/drm/qtv6at/manifest.m3u8
楚汉骄雄,https://live.metshop.top/huya/29465854
Shenzhen Satellite TV (2160p),https://livepull-tcms.sztv.com.cn/live/sz4Kpgm.m3u8
武侠电影,https://live.metshop.top/huya/11342427
Siping TV,http://stream2.jlntv.cn/sptv/sd/live.m3u8?_upt=f27750421743154598
沈腾电影,https://live.metshop.top/huya/11601968
Tonghua TV (1080p),http://lsfb.avap.jilintv.cn/zqvk7vpj/channel/43ea5771aa44421591f9dfd2b71f1b9b/index.m3u8
法政先锋,https://live.metshop.top/huya/23863804
Tonghua TV (1080p),https://lsfb.avap.jilintv.cn/zqvk7vpj/channel/43ea5771aa44421591f9dfd2b71f1b9b/index.m3u8
洗冤录,https://live.metshop.top/huya/29465851
VOA美国之音 (1080p),https://voa-ingest.akamaized.net/hls/live/2033878/tvmc08/playlist.m3u8
活佛济公3,https://live.metshop.top/huya/23903123
Xinjiang TV 1,https://klmysjtzb.rcsxzx.com/hls/klmy2.m3u8
狄仁杰电影,https://live.metshop.top/huya/30080229
Xinjiang TV 2,http://110.153.180.106:55555/out_3/index.m3u8
王晶电影,https://live.metshop.top/huya/11602058
Xinjiang TV 2,http://222.80.13.33:4022/udp/238.125.3.175:5140
西游记2,https://live.metshop.top/huya/29465859
Xinjiang TV 2,https://hls.quklive.com/live/play-sh-21.quklive.com/1777511615189085.m3u8?auth_key=2092871636-a39d8614688744d0b170b856b086ba80-0-33900446b83fa0b5befeb6bedbcd51a0
让子弹飞,https://vip.ffzy-play7.com/20230116/11563_b9f44814/index.m3u8
Xinjiang TV 3,http://110.153.180.106:55555/out_2/index.m3u8
谍战电影,https://live.metshop.top/huya/21059585
Xinjiang TV 3,http://120.70.60.179:9901/tsfile/live/1006_1.m3u8?authid=0&key=txiptv&playlive=1
贺岁电影,https://live.metshop.top/huya/11601986
Xinjiang TV 3,http://218.84.35.38:3000/m3u8/live/tctv-2/index.m3u8
野蛮亲家,https://live.metshop.top/huya/23863796
Xinjiang TV 3,https://st-video.xjmty.com/fs/livedit/e55abfa37af26e19/8ce9971c2177b3dd.m3u8
金庸武侠,https://live.metshop.top/huya/11342435
Xinjiang TV 8,http://120.70.60.179:9901/tsfile/live/1002_1.m3u8?authid=0&key=txiptv&playlive=1
金枝欲孽,https://live.metshop.top/huya/29465847
Xizang TV Tibetan (720p) [Not 24/7],http://php.jdshipin.com:8880/xztv.php?id=zy
鉴证实录,https://live.metshop.top/huya/23903183
Zhejiang TV International,https://ali-m-l.cztv.com/channels/lantian/channel10/1080p.m3u8
陀枪师姐,https://live.metshop.top/huya/29465857
万州三峡移民 (576p) [Not 24/7],http://123.146.162.24:8013/tslslive/PU2vzMI/hls/live_sd.m3u8
韩国电影1,https://stream.ads.ottera.tv/playlist.m3u8?network_id=595
万州影视 (576p) [Not 24/7],http://123.146.162.24:8013/tslslive/vWlnEzU/hls/live_sd.m3u8
韩国电影2,https://stream.ads.ottera.tv/playlist.m3u8?network_id=743
万州综合 (576p) [Not 24/7],http://123.146.162.24:8013/tslslive/noEX9SG/hls/live_sd.m3u8
黄渤电影,https://live.metshop.top/huya/11352876
上虞1新闻综合 (720p) [Not 24/7],https://l.cztvcloud.com/channels/lantian/SXshangyu1/720p.m3u8
龙门飞甲,http://jsmov2.a.yximgs.com/bs3/video-hls/5203346449046555193_hlsb.m3u8
上虞3新商都 (720p) [Not 24/7],https://l.cztvcloud.com/channels/lantian/SXshangyu3/720p.m3u8
南国都市,https://tencentplay.gztv.com/live/nanguodushi.m3u8?txSecret=550af55c0ea34ce492748481415b6dfa&txTime=1903e7b17de
上虞經濟文化 (720p) [Not 24/7],https://l.cztvcloud.com/channels/lantian/SXshangyu2/720p.m3u8
韩国EBS少儿,http://ebsonairios.ebs.co.kr/ebsutablet500k/tablet500k/playlist.m3u8
中国气象 (576p) [Not 24/7],http://hls.weathertv.cn/tslslive/qCFIfHB/hls/live_sd.m3u8
东莞新闻综合,https://stream.sun0769.com/dgrtv1/mp4tv1_800/index.m3u8
乐清新闻 [Geo-blocked],http://33809.hlsplay.aodianyun.com/guangdianyun_33809/tv_channel_170.m3u8
东莞生活资讯,https://stream.sun0769.com/dgrtv1/mp4tv2_800/index.m3u8
乐清生活 [Geo-blocked],http://33809.hlsplay.aodianyun.com/guangdianyun_33809/tv_channel_171.m3u8
南国都市,http://tencentplay.gztv.com/live/nanguodushi.m3u8?txSecret=140110ae3d6c936a77f94c4f4d85b0d3&txTime=18d57929bd4
云南 Ⅰ 文山公共台 (1080p),http://tvdrs.wsrtv.com.cn:8100/channellive/ch2.flv
哈尔滨都市咨询,http://stream.hrbtv.net/zxpd/sd/live.m3u8?zheild
云南 Ⅰ 文山综合台 (1080p) [Not 24/7],http://tvdrs.wsrtv.com.cn:8100/channellive/ch1.flv
广州新闻,http://tencentplay.gztv.com/live/xinwen.m3u8?txSecret=d2c2db0b598c02ec1b5623728434d367&txTime=18d57929bd3
云南卫视 (1080p),https://hwapi.yunshicloud.com/8xughf/e0bx15.m3u8
福州生活,http://live.zohi.tv:80/video/s10001-fztv-3/index.m3u8
云南卫视 (576p) [Not 24/7],http://183.207.248.71/cntv/live1/yunnanstv/yunnanstv
萧山综合,http://l.cztvcloud.com/channels/lantian/SXxiaoshan1/720p.m3u8
云南卫视 (576p),http://39.134.115.163:8080/PLTV/88888910/224/3221225664/index.m3u8
西安新闻,http://112.46.105.20:8009/hls/28/index.m3u8
云南卫视 (576p),http://183.207.248.71/gitv/live1/G_YUNNAN/G_YUNNAN
西安都市,http://112.46.105.20:8009/hls/29/index.m3u8
云南卫视 (576p),http://223.110.245.157/ott.js.chinamobile.com/PLTV/3/224/3221225591/index.m3u8
邢台生活,https://jwcdnqx.hebyun.com.cn/live/xtcsshpd/1500k/tzwj_video.m3u8
云南卫视 (576p),http://223.110.245.159/ott.js.chinamobile.com/PLTV/3/224/3221225838/index.m3u8
邯郸公共频道,https://jwcdnqx.hebyun.com.cn/live/hdgg/1500k/tzwj_video.m3u8
